Hello git!!
Hello xyz!!
UI xyz!!
